C51 COMPILER V9.59.0.0   MAIN                                                              01/31/2021 15:37:45 PAGE 1   


C51 COMPILER V9.59.0.0, COMPILATION OF MODULE MAIN
OBJECT MODULE PLACED IN .\Objects\main.obj
COMPILER INVOKED BY: F:\keil\C51\BIN\C51.EXE main.c OPTIMIZE(8,SPEED) BROWSE DEBUG OBJECTEXTEND PRINT(.\Listings\main.ls
                    -t) TABS(2) OBJECT(.\Objects\main.obj)

line level    source

   1          #include <STC15F2K60S2.H>
   2          #include <intrins.h>
   3          
   4          typedef unsigned char uint8;
   5          typedef unsigned int  uint16;
   6          typedef unsigned long uint32;
   7          
   8          const uint8 dm[]={0xc0,0xf9,0xa4,0xb0,0x99,0x92,0x82,0x80,0x90,0x88,
   9                            0x83,0xc6,0xa1,0x86,0x8e};
  10          uint8 dp[8]={0},Keynum=0;
  11          
  12          void Display();
  13          //void Delay120(unit8 i);
  14          void ikey();
  15          //void closebuzzer();
  16          
  17          void main()
  18          {
  19   1          dp[1]=0xff;
  20   1          dp[2]=0xff;
  21   1          dp[3]=0xff;
  22   1          dp[4]=0xff;
  23   1          dp[5]=0xff;
  24   1          dp[6]=0xff;
  25   1          dp[7]=0xff;
  26   1      //    closebuzzer();
  27   1          while(1)
  28   1          {
  29   2            ikey();
  30   2            dp[0]=dm[Keynum];
  31   2            Display();
  32   2          }
  33   1          
  34   1      }
  35          void Display()
  36          {
  37   1          unsigned char i,d;
  38   1          i=0x01;
  39   1          for(d=0;d<8;d++)
  40   1          {
  41   2            P2=0xdf;
  42   2            P0=i;
  43   2            P2=0x1f;
  44   2            P0=0xff;
  45   2            P2=0x1f;
  46   2            P0=dp[d];
  47   2            P2=0x1f;
  48   2            P0=0x00;
  49   2      //      Delay120(20);
  50   2            i=_crol_(i,1);
  51   2          }
  52   1      }
  53          
  54          
C51 COMPILER V9.59.0.0   MAIN                                                              01/31/2021 15:37:45 PAGE 2   

  55          void ikey()
  56          {
  57   1          P3=0xff;
  58   1          if(P3!=0xff)
  59   1          {
  60   2      //      Delay120(100);
  61   2            while(P3!=0Xff)
  62   2            {
  63   3              switch(P3)
  64   3              {
  65   4                case 0xf7:
  66   4                  Keynum=1;
  67   4                  break;
  68   4                case 0xfb:
  69   4                  Keynum=2;
  70   4                  break;
  71   4                case 0xfd:
  72   4                  Keynum=3;
  73   4                  break;
  74   4                case 0xfe:
  75   4                  Keynum=4;
  76   4                  break;
  77   4              }
  78   3            }
  79   2          }
  80   1      }


MODULE INFORMATION:   STATIC OVERLAYABLE
   CODE SIZE        =    146    ----
   CONSTANT SIZE    =   ----    ----
   XDATA SIZE       =   ----    ----
   PDATA SIZE       =   ----    ----
   DATA SIZE        =     24    ----
   IDATA SIZE       =   ----    ----
   BIT SIZE         =   ----    ----
END OF MODULE INFORMATION.


C51 COMPILATION COMPLETE.  0 WARNING(S),  0 ERROR(S)
