C51 COMPILER V9.59.0.0   MAIN                                                              02/02/2021 10:52:20 PAGE 1   


C51 COMPILER V9.59.0.0, COMPILATION OF MODULE MAIN
OBJECT MODULE PLACED IN .\Objects\main.obj
COMPILER INVOKED BY: F:\keil\C51\BIN\C51.EXE main.c OPTIMIZE(8,SPEED) BROWSE DEBUG OBJECTEXTEND PRINT(.\Listings\main.ls
                    -t) TABS(2) OBJECT(.\Objects\main.obj)

line level    source

   1          #include <STC15F2K60S2.H>
   2          #include <intrins.h>
   3          typedef unsigned int uint16;
   4          typedef unsigned long uint32;
   5          typedef unsigned char uint8;
   6          
   7          void closebuzzer();
   8          void Delay1000ms();
   9          void display();
  10          
  11          const uint8 dm[]={0xc0,0xf9,0xa4,0xb0,0x99,0x92,0x82,0xf8,0x80,0x90,0x88,
  12                            0x83,0xc6,0xa1,0x86,0x8e
  13          };
  14          
  15          uint8 num=0;
  16          void main()
  17          {
  18   1        closebuzzer();
  19   1        while(1)
  20   1        {
  21   2          for(num=0;num<16;num++)
  22   2          {
  23   3            display();
  24   3            Delay1000ms();
  25   3          }
  26   2        }
  27   1          
  28   1      }
  29          
  30          void display()
  31          {
  32   1        P2=0x9f;//1001 1111 100 y4
  33   1        P0=0xff;//1111 1111
  34   1        P2=0xdf;//1101 1111 101 y6
  35   1        P0=0xff;//0000 0001
  36   1        P2=0xff;//1111 1111 111 y7
  37   1        P0=dm[num];//ÏÔÊ¾
  38   1      }
  39          
  40          void closebuzzer()
  41          {
  42   1        P2=0xBF;
  43   1        P0=0x00;
  44   1      }
  45          
  46          void Delay1000ms()    //@11.0592MHz
  47          {
  48   1        unsigned char i, j, k;
  49   1      
  50   1        _nop_();
  51   1        _nop_();
  52   1        i = 43;
  53   1        j = 6;
  54   1        k = 203;
C51 COMPILER V9.59.0.0   MAIN                                                              02/02/2021 10:52:20 PAGE 2   

  55   1        do
  56   1        {
  57   2          do
  58   2          {
  59   3            while (--k);
  60   3          } while (--j);
  61   2        } while (--i);
  62   1      }


MODULE INFORMATION:   STATIC OVERLAYABLE
   CODE SIZE        =     73    ----
   CONSTANT SIZE    =   ----    ----
   XDATA SIZE       =   ----    ----
   PDATA SIZE       =   ----    ----
   DATA SIZE        =     17    ----
   IDATA SIZE       =   ----    ----
   BIT SIZE         =   ----    ----
END OF MODULE INFORMATION.


C51 COMPILATION COMPLETE.  0 WARNING(S),  0 ERROR(S)
